[INFO] Scanning for projects...
[INFO] 
[INFO] ---------------------< com.swp391:OnlineLearning >----------------------
[INFO] Building Application 0.0.1-SNAPSHOT
[INFO]   from pom.xml
[INFO] --------------------------------[ jar ]---------------------------------
[INFO] 
[INFO] --- clean:3.4.1:clean (default-clean) @ OnlineLearning ---
[INFO] Deleting D:\OnlineLearning\target
[INFO] 
[INFO] --- resources:3.3.1:resources (default-resources) @ OnlineLearning ---
[INFO] Copying 1 resource from src\main\resources to target\classes
[INFO] Copying 71 resources from src\main\resources to target\classes
[INFO] 
[INFO] --- compiler:3.11.0:compile (default-compile) @ OnlineLearning ---
[INFO] Changes detected - recompiling the module! :source
[INFO] Compiling 176 source files with javac [debug release 17] to target\classes
[INFO] Hibernate compile-time tooling 6.6.29.Final
[INFO] -------------------------------------------------------------
[ERROR] COMPILATION ERROR : 
[INFO] -------------------------------------------------------------
[ERROR] /D:/OnlineLearning/src/main/java/com/swp391/OnlineLearning/Model/User.java:[5,38] cannot find symbol
  symbol:   class ValidEmail
  location: package com.swp391.OnlineLearning.util
[ERROR] /D:/OnlineLearning/src/main/java/com/swp391/OnlineLearning/service/impl/RoleServiceImpl.java:[4,44] cannot find symbol
  symbol:   class RoleRepository
  location: package com.swp391.OnlineLearning.repository
[ERROR] /D:/OnlineLearning/src/main/java/com/swp391/OnlineLearning/service/impl/RoleServiceImpl.java:[12,19] cannot find symbol
  symbol:   class RoleRepository
  location: class com.swp391.OnlineLearning.service.impl.RoleServiceImpl
[ERROR] /D:/OnlineLearning/src/main/java/com/swp391/OnlineLearning/service/impl/RoleServiceImpl.java:[13,28] cannot find symbol
  symbol:   class RoleRepository
  location: class com.swp391.OnlineLearning.service.impl.RoleServiceImpl
[ERROR] /D:/OnlineLearning/src/main/java/com/swp391/OnlineLearning/Model/dto/UserDTO.java:[4,38] cannot find symbol
  symbol:   class ValidEmail
  location: package com.swp391.OnlineLearning.util
[ERROR] /D:/OnlineLearning/src/main/java/com/swp391/OnlineLearning/service/SessionService.java:[16,13] cannot find symbol
  symbol:   class UserService
  location: class com.swp391.OnlineLearning.service.SessionService
[ERROR] /D:/OnlineLearning/src/main/java/com/swp391/OnlineLearning/config/BlogDataSeeder.java:[8,44] cannot find symbol
  symbol:   class UserRepository
  location: package com.swp391.OnlineLearning.repository
[ERROR] /D:/OnlineLearning/src/main/java/com/swp391/OnlineLearning/config/BlogDataSeeder.java:[19,19] cannot find symbol
  symbol:   class UserRepository
  location: class com.swp391.OnlineLearning.config.BlogDataSeeder
[ERROR] /D:/OnlineLearning/src/main/java/com/swp391/OnlineLearning/config/BlogDataSeeder.java:[21,105] cannot find symbol
  symbol:   class UserRepository
  location: class com.swp391.OnlineLearning.config.BlogDataSeeder
[ERROR] /D:/OnlineLearning/src/main/java/com/swp391/OnlineLearning/service/impl/UserServiceImpl.java:[6,44] cannot find symbol
  symbol:   class RoleRepository
  location: package com.swp391.OnlineLearning.repository
[ERROR] /D:/OnlineLearning/src/main/java/com/swp391/OnlineLearning/service/impl/UserServiceImpl.java:[7,44] cannot find symbol
  symbol:   class UserRepository
  location: package com.swp391.OnlineLearning.repository
[ERROR] /D:/OnlineLearning/src/main/java/com/swp391/OnlineLearning/service/impl/UserServiceImpl.java:[8,41] cannot find symbol
  symbol:   class UserService
  location: package com.swp391.OnlineLearning.service
[ERROR] /D:/OnlineLearning/src/main/java/com/swp391/OnlineLearning/service/impl/UserServiceImpl.java:[23,41] cannot find symbol
  symbol: class UserService
[ERROR] /D:/OnlineLearning/src/main/java/com/swp391/OnlineLearning/service/impl/UserServiceImpl.java:[24,19] cannot find symbol
  symbol:   class UserRepository
  location: class com.swp391.OnlineLearning.service.impl.UserServiceImpl
[ERROR] /D:/OnlineLearning/src/main/java/com/swp391/OnlineLearning/service/impl/UserServiceImpl.java:[25,19] cannot find symbol
  symbol:   class RoleRepository
  location: class com.swp391.OnlineLearning.service.impl.UserServiceImpl
[ERROR] /D:/OnlineLearning/src/main/java/com/swp391/OnlineLearning/service/impl/UserServiceImpl.java:[28,28] cannot find symbol
  symbol:   class UserRepository
  location: class com.swp391.OnlineLearning.service.impl.UserServiceImpl
[ERROR] /D:/OnlineLearning/src/main/java/com/swp391/OnlineLearning/service/impl/UserServiceImpl.java:[28,59] cannot find symbol
  symbol:   class RoleRepository
  location: class com.swp391.OnlineLearning.service.impl.UserServiceImpl
[ERROR] /D:/OnlineLearning/src/main/java/com/swp391/OnlineLearning/controller/SliderController.java:[7,45] package com.swp391.OnlineLearning.model.enums does not exist
[ERROR] /D:/OnlineLearning/src/main/java/com/swp391/OnlineLearning/controller/SliderController.java:[10,41] cannot find symbol
  symbol:   class UserService
  location: package com.swp391.OnlineLearning.service
[ERROR] /D:/OnlineLearning/src/main/java/com/swp391/OnlineLearning/controller/SliderController.java:[32,19] cannot find symbol
  symbol:   class UserService
  location: class com.swp391.OnlineLearning.controller.SliderController
[ERROR] /D:/OnlineLearning/src/main/java/com/swp391/OnlineLearning/controller/SliderController.java:[34,87] cannot find symbol
  symbol:   class UserService
  location: class com.swp391.OnlineLearning.controller.SliderController
[ERROR] /D:/OnlineLearning/src/main/java/com/swp391/OnlineLearning/DemoApplication.java:[6,44] cannot find symbol
  symbol:   class RoleRepository
  location: package com.swp391.OnlineLearning.repository
[ERROR] /D:/OnlineLearning/src/main/java/com/swp391/OnlineLearning/DemoApplication.java:[7,44] cannot find symbol
  symbol:   class UserRepository
  location: package com.swp391.OnlineLearning.repository
[ERROR] /D:/OnlineLearning/src/main/java/com/swp391/OnlineLearning/DemoApplication.java:[26,40] cannot find symbol
  symbol:   class RoleRepository
  location: class com.swp391.OnlineLearning.DemoApplication
[ERROR] /D:/OnlineLearning/src/main/java/com/swp391/OnlineLearning/DemoApplication.java:[27,68] cannot find symbol
  symbol:   class UserRepository
  location: class com.swp391.OnlineLearning.DemoApplication
[ERROR] /D:/OnlineLearning/src/main/java/com/swp391/OnlineLearning/config/PasswordResetConfig.java:[4,44] cannot find symbol
  symbol:   class UserRepository
  location: package com.swp391.OnlineLearning.repository
[ERROR] /D:/OnlineLearning/src/main/java/com/swp391/OnlineLearning/config/PasswordResetConfig.java:[16,45] cannot find symbol
  symbol:   class UserRepository
  location: class com.swp391.OnlineLearning.config.PasswordResetConfig
[ERROR] /D:/OnlineLearning/src/main/java/com/swp391/OnlineLearning/controller/UserController.java:[25,19] cannot find symbol
  symbol:   class UserService
  location: class com.swp391.OnlineLearning.controller.UserController
[ERROR] /D:/OnlineLearning/src/main/java/com/swp391/OnlineLearning/controller/UserController.java:[37,27] cannot find symbol
  symbol:   class UserService
  location: class com.swp391.OnlineLearning.controller.UserController
[ERROR] /D:/OnlineLearning/src/main/java/com/swp391/OnlineLearning/service/impl/SliderServiceImpl.java:[6,45] package com.swp391.OnlineLearning.model.enums does not exist
[ERROR] /D:/OnlineLearning/src/main/java/com/swp391/OnlineLearning/service/impl/WishlistServiceImpl.java:[7,44] cannot find symbol
  symbol:   class UserRepository
  location: package com.swp391.OnlineLearning.repository
[ERROR] /D:/OnlineLearning/src/main/java/com/swp391/OnlineLearning/service/impl/WishlistServiceImpl.java:[19,19] cannot find symbol
  symbol:   class UserRepository
  location: class com.swp391.OnlineLearning.service.impl.WishlistServiceImpl
[ERROR] /D:/OnlineLearning/src/main/java/com/swp391/OnlineLearning/service/impl/WishlistServiceImpl.java:[23,32] cannot find symbol
  symbol:   class UserRepository
  location: class com.swp391.OnlineLearning.service.impl.WishlistServiceImpl
[ERROR] /D:/OnlineLearning/src/main/java/com/swp391/OnlineLearning/controller/MarketingController.java:[7,41] cannot find symbol
  symbol:   class UserService
  location: package com.swp391.OnlineLearning.service
[ERROR] /D:/OnlineLearning/src/main/java/com/swp391/OnlineLearning/controller/MarketingController.java:[27,19] cannot find symbol
  symbol:   class UserService
  location: class com.swp391.OnlineLearning.controller.MarketingController
[ERROR] /D:/OnlineLearning/src/main/java/com/swp391/OnlineLearning/controller/MarketingController.java:[29,61] cannot find symbol
  symbol:   class UserService
  location: class com.swp391.OnlineLearning.controller.MarketingController
[ERROR] /D:/OnlineLearning/src/main/java/com/swp391/OnlineLearning/service/impl/ChatMemberServiceImpl.java:[8,41] cannot find symbol
  symbol:   class UserService
  location: package com.swp391.OnlineLearning.service
[ERROR] /D:/OnlineLearning/src/main/java/com/swp391/OnlineLearning/service/impl/ChatMemberServiceImpl.java:[19,19] cannot find symbol
  symbol:   class UserService
  location: class com.swp391.OnlineLearning.service.impl.ChatMemberServiceImpl
[ERROR] /D:/OnlineLearning/src/main/java/com/swp391/OnlineLearning/service/impl/ChatMemberServiceImpl.java:[22,108] cannot find symbol
  symbol:   class UserService
  location: class com.swp391.OnlineLearning.service.impl.ChatMemberServiceImpl
[ERROR] /D:/OnlineLearning/src/main/java/com/swp391/OnlineLearning/controller/AdminController.java:[37,19] cannot find symbol
  symbol:   class UserService
  location: class com.swp391.OnlineLearning.controller.AdminController
[ERROR] /D:/OnlineLearning/src/main/java/com/swp391/OnlineLearning/controller/AdminController.java:[48,28] cannot find symbol
  symbol:   class UserService
  location: class com.swp391.OnlineLearning.controller.AdminController
[ERROR] /D:/OnlineLearning/src/main/java/com/swp391/OnlineLearning/config/PasswordResetRunner.java:[4,44] cannot find symbol
  symbol:   class UserRepository
  location: package com.swp391.OnlineLearning.repository
[ERROR] /D:/OnlineLearning/src/main/java/com/swp391/OnlineLearning/config/PasswordResetRunner.java:[14,19] cannot find symbol
  symbol:   class UserRepository
  location: class com.swp391.OnlineLearning.config.PasswordResetRunner
[ERROR] /D:/OnlineLearning/src/main/java/com/swp391/OnlineLearning/config/PasswordResetRunner.java:[17,32] cannot find symbol
  symbol:   class UserRepository
  location: class com.swp391.OnlineLearning.config.PasswordResetRunner
[ERROR] /D:/OnlineLearning/src/main/java/com/swp391/OnlineLearning/service/impl/CourseServiceImpl.java:[11,41] cannot find symbol
  symbol:   class UserService
  location: package com.swp391.OnlineLearning.service
[ERROR] /D:/OnlineLearning/src/main/java/com/swp391/OnlineLearning/service/impl/CourseServiceImpl.java:[26,19] cannot find symbol
  symbol:   class UserService
  location: class com.swp391.OnlineLearning.service.impl.CourseServiceImpl
[ERROR] /D:/OnlineLearning/src/main/java/com/swp391/OnlineLearning/service/impl/CourseServiceImpl.java:[28,145] cannot find symbol
  symbol:   class UserService
  location: class com.swp391.OnlineLearning.service.impl.CourseServiceImpl
[ERROR] /D:/OnlineLearning/src/main/java/com/swp391/OnlineLearning/controller/AuthController.java:[33,19] cannot find symbol
  symbol:   class UserService
  location: class com.swp391.OnlineLearning.controller.AuthController
[ERROR] /D:/OnlineLearning/src/main/java/com/swp391/OnlineLearning/controller/AuthController.java:[41,27] cannot find symbol
  symbol:   class UserService
  location: class com.swp391.OnlineLearning.controller.AuthController
[ERROR] /D:/OnlineLearning/src/main/java/com/swp391/OnlineLearning/controller/PaymentController.java:[26,19] cannot find symbol
  symbol:   class UserService
  location: class com.swp391.OnlineLearning.controller.PaymentController
[ERROR] /D:/OnlineLearning/src/main/java/com/swp391/OnlineLearning/controller/PaymentController.java:[32,84] cannot find symbol
  symbol:   class UserService
  location: class com.swp391.OnlineLearning.controller.PaymentController
[ERROR] /D:/OnlineLearning/src/main/java/com/swp391/OnlineLearning/controller/QuizController.java:[27,19] cannot find symbol
  symbol:   class UserService
  location: class com.swp391.OnlineLearning.controller.QuizController
[ERROR] /D:/OnlineLearning/src/main/java/com/swp391/OnlineLearning/controller/QuizController.java:[33,68] cannot find symbol
  symbol:   class UserService
  location: class com.swp391.OnlineLearning.controller.QuizController
[ERROR] /D:/OnlineLearning/src/main/java/com/swp391/OnlineLearning/controller/ChatController.java:[31,19] cannot find symbol
  symbol:   class UserService
  location: class com.swp391.OnlineLearning.controller.ChatController
[ERROR] /D:/OnlineLearning/src/main/java/com/swp391/OnlineLearning/controller/ChatController.java:[35,120] cannot find symbol
  symbol:   class UserService
  location: class com.swp391.OnlineLearning.controller.ChatController
[ERROR] /D:/OnlineLearning/src/main/java/com/swp391/OnlineLearning/controller/CourseController.java:[38,19] cannot find symbol
  symbol:   class UserService
  location: class com.swp391.OnlineLearning.controller.CourseController
[ERROR] /D:/OnlineLearning/src/main/java/com/swp391/OnlineLearning/controller/CourseController.java:[43,103] cannot find symbol
  symbol:   class UserService
  location: class com.swp391.OnlineLearning.controller.CourseController
[ERROR] /D:/OnlineLearning/src/main/java/com/swp391/OnlineLearning/service/impl/LearningServiceImpl.java:[8,44] cannot find symbol
  symbol:   class UserRepository
  location: package com.swp391.OnlineLearning.repository
[ERROR] /D:/OnlineLearning/src/main/java/com/swp391/OnlineLearning/service/impl/LearningServiceImpl.java:[25,19] cannot find symbol
  symbol:   class UserRepository
  location: class com.swp391.OnlineLearning.service.impl.LearningServiceImpl
[ERROR] /D:/OnlineLearning/src/main/java/com/swp391/OnlineLearning/service/impl/LearningServiceImpl.java:[27,118] cannot find symbol
  symbol:   class UserRepository
  location: class com.swp391.OnlineLearning.service.impl.LearningServiceImpl
[ERROR] /D:/OnlineLearning/src/main/java/com/swp391/OnlineLearning/config/CustomUserDetailsService.java:[3,44] cannot find symbol
  symbol:   class UserRepository
  location: package com.swp391.OnlineLearning.repository
[ERROR] /D:/OnlineLearning/src/main/java/com/swp391/OnlineLearning/config/CustomUserDetailsService.java:[11,19] cannot find symbol
  symbol:   class UserRepository
  location: class com.swp391.OnlineLearning.config.CustomUserDetailsService
[ERROR] /D:/OnlineLearning/src/main/java/com/swp391/OnlineLearning/config/CustomUserDetailsService.java:[13,37] cannot find symbol
  symbol:   class UserRepository
  location: class com.swp391.OnlineLearning.config.CustomUserDetailsService
[ERROR] /D:/OnlineLearning/src/main/java/com/swp391/OnlineLearning/config/MySimpleUrlAuthenticationSuccessHandler.java:[5,41] cannot find symbol
  symbol:   class UserService
  location: package com.swp391.OnlineLearning.service
[ERROR] /D:/OnlineLearning/src/main/java/com/swp391/OnlineLearning/config/MySimpleUrlAuthenticationSuccessHandler.java:[27,13] cannot find symbol
  symbol:   class UserService
  location: class com.swp391.OnlineLearning.config.MySimpleUrlAuthenticationSuccessHandler
[ERROR] /D:/OnlineLearning/src/main/java/com/swp391/OnlineLearning/Model/User.java:[43,6] cannot find symbol
  symbol:   class ValidEmail
  location: class com.swp391.OnlineLearning.model.User
[ERROR] /D:/OnlineLearning/src/main/java/com/swp391/OnlineLearning/Model/dto/UserDTO.java:[12,6] cannot find symbol
  symbol:   class ValidEmail
  location: class com.swp391.OnlineLearning.model.dto.UserDTO
[INFO] 67 errors 
[INFO] -------------------------------------------------------------
[INFO] ------------------------------------------------------------------------
[INFO] BUILD FAILURE
[INFO] ------------------------------------------------------------------------
[INFO] Total time:  5.827 s
[INFO] Finished at: 2026-04-23T03:11:57+07:00
[INFO] ------------------------------------------------------------------------
[ERROR] Failed to execute goal org.apache.maven.plugins:maven-compiler-plugin:3.11.0:compile (default-compile) on project OnlineLearning: Compilation failure: Compilation failure: 
[ERROR] /D:/OnlineLearning/src/main/java/com/swp391/OnlineLearning/Model/User.java:[5,38] cannot find symbol
[ERROR]   symbol:   class ValidEmail
[ERROR]   location: package com.swp391.OnlineLearning.util
[ERROR] /D:/OnlineLearning/src/main/java/com/swp391/OnlineLearning/service/impl/RoleServiceImpl.java:[4,44] cannot find symbol
[ERROR]   symbol:   class RoleRepository
[ERROR]   location: package com.swp391.OnlineLearning.repository
[ERROR] /D:/OnlineLearning/src/main/java/com/swp391/OnlineLearning/service/impl/RoleServiceImpl.java:[12,19] cannot find symbol
[ERROR]   symbol:   class RoleRepository
[ERROR]   location: class com.swp391.OnlineLearning.service.impl.RoleServiceImpl
[ERROR] /D:/OnlineLearning/src/main/java/com/swp391/OnlineLearning/service/impl/RoleServiceImpl.java:[13,28] cannot find symbol
[ERROR]   symbol:   class RoleRepository
[ERROR]   location: class com.swp391.OnlineLearning.service.impl.RoleServiceImpl
[ERROR] /D:/OnlineLearning/src/main/java/com/swp391/OnlineLearning/Model/dto/UserDTO.java:[4,38] cannot find symbol
[ERROR]   symbol:   class ValidEmail
[ERROR]   location: package com.swp391.OnlineLearning.util
[ERROR] /D:/OnlineLearning/src/main/java/com/swp391/OnlineLearning/service/SessionService.java:[16,13] cannot find symbol
[ERROR]   symbol:   class UserService
[ERROR]   location: class com.swp391.OnlineLearning.service.SessionService
[ERROR] /D:/OnlineLearning/src/main/java/com/swp391/OnlineLearning/config/BlogDataSeeder.java:[8,44] cannot find symbol
[ERROR]   symbol:   class UserRepository
[ERROR]   location: package com.swp391.OnlineLearning.repository
[ERROR] /D:/OnlineLearning/src/main/java/com/swp391/OnlineLearning/config/BlogDataSeeder.java:[19,19] cannot find symbol
[ERROR]   symbol:   class UserRepository
[ERROR]   location: class com.swp391.OnlineLearning.config.BlogDataSeeder
[ERROR] /D:/OnlineLearning/src/main/java/com/swp391/OnlineLearning/config/BlogDataSeeder.java:[21,105] cannot find symbol
[ERROR]   symbol:   class UserRepository
[ERROR]   location: class com.swp391.OnlineLearning.config.BlogDataSeeder
[ERROR] /D:/OnlineLearning/src/main/java/com/swp391/OnlineLearning/service/impl/UserServiceImpl.java:[6,44] cannot find symbol
[ERROR]   symbol:   class RoleRepository
[ERROR]   location: package com.swp391.OnlineLearning.repository
[ERROR] /D:/OnlineLearning/src/main/java/com/swp391/OnlineLearning/service/impl/UserServiceImpl.java:[7,44] cannot find symbol
[ERROR]   symbol:   class UserRepository
[ERROR]   location: package com.swp391.OnlineLearning.repository
[ERROR] /D:/OnlineLearning/src/main/java/com/swp391/OnlineLearning/service/impl/UserServiceImpl.java:[8,41] cannot find symbol
[ERROR]   symbol:   class UserService
[ERROR]   location: package com.swp391.OnlineLearning.service
[ERROR] /D:/OnlineLearning/src/main/java/com/swp391/OnlineLearning/service/impl/UserServiceImpl.java:[23,41] cannot find symbol
[ERROR]   symbol: class UserService
[ERROR] /D:/OnlineLearning/src/main/java/com/swp391/OnlineLearning/service/impl/UserServiceImpl.java:[24,19] cannot find symbol
[ERROR]   symbol:   class UserRepository
[ERROR]   location: class com.swp391.OnlineLearning.service.impl.UserServiceImpl
[ERROR] /D:/OnlineLearning/src/main/java/com/swp391/OnlineLearning/service/impl/UserServiceImpl.java:[25,19] cannot find symbol
[ERROR]   symbol:   class RoleRepository
[ERROR]   location: class com.swp391.OnlineLearning.service.impl.UserServiceImpl
[ERROR] /D:/OnlineLearning/src/main/java/com/swp391/OnlineLearning/service/impl/UserServiceImpl.java:[28,28] cannot find symbol
[ERROR]   symbol:   class UserRepository
[ERROR]   location: class com.swp391.OnlineLearning.service.impl.UserServiceImpl
[ERROR] /D:/OnlineLearning/src/main/java/com/swp391/OnlineLearning/service/impl/UserServiceImpl.java:[28,59] cannot find symbol
[ERROR]   symbol:   class RoleRepository
[ERROR]   location: class com.swp391.OnlineLearning.service.impl.UserServiceImpl
[ERROR] /D:/OnlineLearning/src/main/java/com/swp391/OnlineLearning/controller/SliderController.java:[7,45] package com.swp391.OnlineLearning.model.enums does not exist
[ERROR] /D:/OnlineLearning/src/main/java/com/swp391/OnlineLearning/controller/SliderController.java:[10,41] cannot find symbol
[ERROR]   symbol:   class UserService
[ERROR]   location: package com.swp391.OnlineLearning.service
[ERROR] /D:/OnlineLearning/src/main/java/com/swp391/OnlineLearning/controller/SliderController.java:[32,19] cannot find symbol
[ERROR]   symbol:   class UserService
[ERROR]   location: class com.swp391.OnlineLearning.controller.SliderController
[ERROR] /D:/OnlineLearning/src/main/java/com/swp391/OnlineLearning/controller/SliderController.java:[34,87] cannot find symbol
[ERROR]   symbol:   class UserService
[ERROR]   location: class com.swp391.OnlineLearning.controller.SliderController
[ERROR] /D:/OnlineLearning/src/main/java/com/swp391/OnlineLearning/DemoApplication.java:[6,44] cannot find symbol
[ERROR]   symbol:   class RoleRepository
[ERROR]   location: package com.swp391.OnlineLearning.repository
[ERROR] /D:/OnlineLearning/src/main/java/com/swp391/OnlineLearning/DemoApplication.java:[7,44] cannot find symbol
[ERROR]   symbol:   class UserRepository
[ERROR]   location: package com.swp391.OnlineLearning.repository
[ERROR] /D:/OnlineLearning/src/main/java/com/swp391/OnlineLearning/DemoApplication.java:[26,40] cannot find symbol
[ERROR]   symbol:   class RoleRepository
[ERROR]   location: class com.swp391.OnlineLearning.DemoApplication
[ERROR] /D:/OnlineLearning/src/main/java/com/swp391/OnlineLearning/DemoApplication.java:[27,68] cannot find symbol
[ERROR]   symbol:   class UserRepository
[ERROR]   location: class com.swp391.OnlineLearning.DemoApplication
[ERROR] /D:/OnlineLearning/src/main/java/com/swp391/OnlineLearning/config/PasswordResetConfig.java:[4,44] cannot find symbol
[ERROR]   symbol:   class UserRepository
[ERROR]   location: package com.swp391.OnlineLearning.repository
[ERROR] /D:/OnlineLearning/src/main/java/com/swp391/OnlineLearning/config/PasswordResetConfig.java:[16,45] cannot find symbol
[ERROR]   symbol:   class UserRepository
[ERROR]   location: class com.swp391.OnlineLearning.config.PasswordResetConfig
[ERROR] /D:/OnlineLearning/src/main/java/com/swp391/OnlineLearning/controller/UserController.java:[25,19] cannot find symbol
[ERROR]   symbol:   class UserService
[ERROR]   location: class com.swp391.OnlineLearning.controller.UserController
[ERROR] /D:/OnlineLearning/src/main/java/com/swp391/OnlineLearning/controller/UserController.java:[37,27] cannot find symbol
[ERROR]   symbol:   class UserService
[ERROR]   location: class com.swp391.OnlineLearning.controller.UserController
[ERROR] /D:/OnlineLearning/src/main/java/com/swp391/OnlineLearning/service/impl/SliderServiceImpl.java:[6,45] package com.swp391.OnlineLearning.model.enums does not exist
[ERROR] /D:/OnlineLearning/src/main/java/com/swp391/OnlineLearning/service/impl/WishlistServiceImpl.java:[7,44] cannot find symbol
[ERROR]   symbol:   class UserRepository
[ERROR]   location: package com.swp391.OnlineLearning.repository
[ERROR] /D:/OnlineLearning/src/main/java/com/swp391/OnlineLearning/service/impl/WishlistServiceImpl.java:[19,19] cannot find symbol
[ERROR]   symbol:   class UserRepository
[ERROR]   location: class com.swp391.OnlineLearning.service.impl.WishlistServiceImpl
[ERROR] /D:/OnlineLearning/src/main/java/com/swp391/OnlineLearning/service/impl/WishlistServiceImpl.java:[23,32] cannot find symbol
[ERROR]   symbol:   class UserRepository
[ERROR]   location: class com.swp391.OnlineLearning.service.impl.WishlistServiceImpl
[ERROR] /D:/OnlineLearning/src/main/java/com/swp391/OnlineLearning/controller/MarketingController.java:[7,41] cannot find symbol
[ERROR]   symbol:   class UserService
[ERROR]   location: package com.swp391.OnlineLearning.service
[ERROR] /D:/OnlineLearning/src/main/java/com/swp391/OnlineLearning/controller/MarketingController.java:[27,19] cannot find symbol
[ERROR]   symbol:   class UserService
[ERROR]   location: class com.swp391.OnlineLearning.controller.MarketingController
[ERROR] /D:/OnlineLearning/src/main/java/com/swp391/OnlineLearning/controller/MarketingController.java:[29,61] cannot find symbol
[ERROR]   symbol:   class UserService
[ERROR]   location: class com.swp391.OnlineLearning.controller.MarketingController
[ERROR] /D:/OnlineLearning/src/main/java/com/swp391/OnlineLearning/service/impl/ChatMemberServiceImpl.java:[8,41] cannot find symbol
[ERROR]   symbol:   class UserService
[ERROR]   location: package com.swp391.OnlineLearning.service
[ERROR] /D:/OnlineLearning/src/main/java/com/swp391/OnlineLearning/service/impl/ChatMemberServiceImpl.java:[19,19] cannot find symbol
[ERROR]   symbol:   class UserService
[ERROR]   location: class com.swp391.OnlineLearning.service.impl.ChatMemberServiceImpl
[ERROR] /D:/OnlineLearning/src/main/java/com/swp391/OnlineLearning/service/impl/ChatMemberServiceImpl.java:[22,108] cannot find symbol
[ERROR]   symbol:   class UserService
[ERROR]   location: class com.swp391.OnlineLearning.service.impl.ChatMemberServiceImpl
[ERROR] /D:/OnlineLearning/src/main/java/com/swp391/OnlineLearning/controller/AdminController.java:[37,19] cannot find symbol
[ERROR]   symbol:   class UserService
[ERROR]   location: class com.swp391.OnlineLearning.controller.AdminController
[ERROR] /D:/OnlineLearning/src/main/java/com/swp391/OnlineLearning/controller/AdminController.java:[48,28] cannot find symbol
[ERROR]   symbol:   class UserService
[ERROR]   location: class com.swp391.OnlineLearning.controller.AdminController
[ERROR] /D:/OnlineLearning/src/main/java/com/swp391/OnlineLearning/config/PasswordResetRunner.java:[4,44] cannot find symbol
[ERROR]   symbol:   class UserRepository
[ERROR]   location: package com.swp391.OnlineLearning.repository
[ERROR] /D:/OnlineLearning/src/main/java/com/swp391/OnlineLearning/config/PasswordResetRunner.java:[14,19] cannot find symbol
[ERROR]   symbol:   class UserRepository
[ERROR]   location: class com.swp391.OnlineLearning.config.PasswordResetRunner
[ERROR] /D:/OnlineLearning/src/main/java/com/swp391/OnlineLearning/config/PasswordResetRunner.java:[17,32] cannot find symbol
[ERROR]   symbol:   class UserRepository
[ERROR]   location: class com.swp391.OnlineLearning.config.PasswordResetRunner
[ERROR] /D:/OnlineLearning/src/main/java/com/swp391/OnlineLearning/service/impl/CourseServiceImpl.java:[11,41] cannot find symbol
[ERROR]   symbol:   class UserService
[ERROR]   location: package com.swp391.OnlineLearning.service
[ERROR] /D:/OnlineLearning/src/main/java/com/swp391/OnlineLearning/service/impl/CourseServiceImpl.java:[26,19] cannot find symbol
[ERROR]   symbol:   class UserService
[ERROR]   location: class com.swp391.OnlineLearning.service.impl.CourseServiceImpl
[ERROR] /D:/OnlineLearning/src/main/java/com/swp391/OnlineLearning/service/impl/CourseServiceImpl.java:[28,145] cannot find symbol
[ERROR]   symbol:   class UserService
[ERROR]   location: class com.swp391.OnlineLearning.service.impl.CourseServiceImpl
[ERROR] /D:/OnlineLearning/src/main/java/com/swp391/OnlineLearning/controller/AuthController.java:[33,19] cannot find symbol
[ERROR]   symbol:   class UserService
[ERROR]   location: class com.swp391.OnlineLearning.controller.AuthController
[ERROR] /D:/OnlineLearning/src/main/java/com/swp391/OnlineLearning/controller/AuthController.java:[41,27] cannot find symbol
[ERROR]   symbol:   class UserService
[ERROR]   location: class com.swp391.OnlineLearning.controller.AuthController
[ERROR] /D:/OnlineLearning/src/main/java/com/swp391/OnlineLearning/controller/PaymentController.java:[26,19] cannot find symbol
[ERROR]   symbol:   class UserService
[ERROR]   location: class com.swp391.OnlineLearning.controller.PaymentController
[ERROR] /D:/OnlineLearning/src/main/java/com/swp391/OnlineLearning/controller/PaymentController.java:[32,84] cannot find symbol
[ERROR]   symbol:   class UserService
[ERROR]   location: class com.swp391.OnlineLearning.controller.PaymentController
[ERROR] /D:/OnlineLearning/src/main/java/com/swp391/OnlineLearning/controller/QuizController.java:[27,19] cannot find symbol
[ERROR]   symbol:   class UserService
[ERROR]   location: class com.swp391.OnlineLearning.controller.QuizController
[ERROR] /D:/OnlineLearning/src/main/java/com/swp391/OnlineLearning/controller/QuizController.java:[33,68] cannot find symbol
[ERROR]   symbol:   class UserService
[ERROR]   location: class com.swp391.OnlineLearning.controller.QuizController
[ERROR] /D:/OnlineLearning/src/main/java/com/swp391/OnlineLearning/controller/ChatController.java:[31,19] cannot find symbol
[ERROR]   symbol:   class UserService
[ERROR]   location: class com.swp391.OnlineLearning.controller.ChatController
[ERROR] /D:/OnlineLearning/src/main/java/com/swp391/OnlineLearning/controller/ChatController.java:[35,120] cannot find symbol
[ERROR]   symbol:   class UserService
[ERROR]   location: class com.swp391.OnlineLearning.controller.ChatController
[ERROR] /D:/OnlineLearning/src/main/java/com/swp391/OnlineLearning/controller/CourseController.java:[38,19] cannot find symbol
[ERROR]   symbol:   class UserService
[ERROR]   location: class com.swp391.OnlineLearning.controller.CourseController
[ERROR] /D:/OnlineLearning/src/main/java/com/swp391/OnlineLearning/controller/CourseController.java:[43,103] cannot find symbol
[ERROR]   symbol:   class UserService
[ERROR]   location: class com.swp391.OnlineLearning.controller.CourseController
[ERROR] /D:/OnlineLearning/src/main/java/com/swp391/OnlineLearning/service/impl/LearningServiceImpl.java:[8,44] cannot find symbol
[ERROR]   symbol:   class UserRepository
[ERROR]   location: package com.swp391.OnlineLearning.repository
[ERROR] /D:/OnlineLearning/src/main/java/com/swp391/OnlineLearning/service/impl/LearningServiceImpl.java:[25,19] cannot find symbol
[ERROR]   symbol:   class UserRepository
[ERROR]   location: class com.swp391.OnlineLearning.service.impl.LearningServiceImpl
[ERROR] /D:/OnlineLearning/src/main/java/com/swp391/OnlineLearning/service/impl/LearningServiceImpl.java:[27,118] cannot find symbol
[ERROR]   symbol:   class UserRepository
[ERROR]   location: class com.swp391.OnlineLearning.service.impl.LearningServiceImpl
[ERROR] /D:/OnlineLearning/src/main/java/com/swp391/OnlineLearning/config/CustomUserDetailsService.java:[3,44] cannot find symbol
[ERROR]   symbol:   class UserRepository
[ERROR]   location: package com.swp391.OnlineLearning.repository
[ERROR] /D:/OnlineLearning/src/main/java/com/swp391/OnlineLearning/config/CustomUserDetailsService.java:[11,19] cannot find symbol
[ERROR]   symbol:   class UserRepository
[ERROR]   location: class com.swp391.OnlineLearning.config.CustomUserDetailsService
[ERROR] /D:/OnlineLearning/src/main/java/com/swp391/OnlineLearning/config/CustomUserDetailsService.java:[13,37] cannot find symbol
[ERROR]   symbol:   class UserRepository
[ERROR]   location: class com.swp391.OnlineLearning.config.CustomUserDetailsService
[ERROR] /D:/OnlineLearning/src/main/java/com/swp391/OnlineLearning/config/MySimpleUrlAuthenticationSuccessHandler.java:[5,41] cannot find symbol
[ERROR]   symbol:   class UserService
[ERROR]   location: package com.swp391.OnlineLearning.service
[ERROR] /D:/OnlineLearning/src/main/java/com/swp391/OnlineLearning/config/MySimpleUrlAuthenticationSuccessHandler.java:[27,13] cannot find symbol
[ERROR]   symbol:   class UserService
[ERROR]   location: class com.swp391.OnlineLearning.config.MySimpleUrlAuthenticationSuccessHandler
[ERROR] /D:/OnlineLearning/src/main/java/com/swp391/OnlineLearning/Model/User.java:[43,6] cannot find symbol
[ERROR]   symbol:   class ValidEmail
[ERROR]   location: class com.swp391.OnlineLearning.model.User
[ERROR] /D:/OnlineLearning/src/main/java/com/swp391/OnlineLearning/Model/dto/UserDTO.java:[12,6] cannot find symbol
[ERROR]   symbol:   class ValidEmail
[ERROR]   location: class com.swp391.OnlineLearning.model.dto.UserDTO
[ERROR] -> [Help 1]
[ERROR] 
[ERROR] To see the full stack trace of the errors, re-run Maven with the -e switch.
[ERROR] Re-run Maven using the -X switch to enable full debug logging.
[ERROR] 
[ERROR] For more information about the errors and possible solutions, please read the following articles:
[ERROR] [Help 1] http://cwiki.apache.org/confluence/display/MAVEN/MojoFailureException
