[INFO] Scanning for projects...
[INFO] 
[INFO] ---------------------< com.swp391:OnlineLearning >----------------------
[INFO] Building Application 0.0.1-SNAPSHOT
[INFO]   from pom.xml
[INFO] --------------------------------[ jar ]---------------------------------
[INFO] 
[INFO] --- clean:3.4.1:clean (default-clean) @ OnlineLearning ---
[INFO] Deleting D:\OnlineLearning\target
[INFO] 
[INFO] --- resources:3.3.1:resources (default-resources) @ OnlineLearning ---
[INFO] Copying 1 resource from src\main\resources to target\classes
[INFO] Copying 70 resources from src\main\resources to target\classes
[INFO] 
[INFO] --- compiler:3.11.0:compile (default-compile) @ OnlineLearning ---
[INFO] Changes detected - recompiling the module! :source
[INFO] Compiling 184 source files with javac [debug release 17] to target\classes
[INFO] /D:/OnlineLearning/src/main/java/com/swp391/OnlineLearning/controller/PaymentController.java: Some input files use unchecked or unsafe operations.
[INFO] /D:/OnlineLearning/src/main/java/com/swp391/OnlineLearning/controller/PaymentController.java: Recompile with -Xlint:unchecked for details.
[INFO] Some messages have been simplified; recompile with -Xdiags:verbose to get full output
[INFO] -------------------------------------------------------------
[ERROR] COMPILATION ERROR : 
[INFO] -------------------------------------------------------------
[ERROR] /D:/OnlineLearning/src/main/java/com/swp391/OnlineLearning/model/User.java:[5,38] cannot access com.swp391.OnlineLearning.util.ValidEmail
  bad source file: D:\OnlineLearning\src\main\java\com\swp391\OnlineLearning\util\ValidEmail.java
    file does not contain class com.swp391.OnlineLearning.util.ValidEmail
    Please remove or make sure it appears in the correct subdirectory of the sourcepath.
[ERROR] /D:/OnlineLearning/src/main/java/com/swp391/OnlineLearning/model/dto/ShortAnswerQuestionFormDTO.java:[6,38] cannot access com.swp391.OnlineLearning.util.AtLeastOneCorrectAnswer
  bad source file: D:\OnlineLearning\src\main\java\com\swp391\OnlineLearning\util\AtLeastOneCorrectAnswer.java
    file does not contain class com.swp391.OnlineLearning.util.AtLeastOneCorrectAnswer
    Please remove or make sure it appears in the correct subdirectory of the sourcepath.
[ERROR] /D:/OnlineLearning/src/main/java/com/swp391/OnlineLearning/model/dto/ShortAnswerQuestionFormDTO.java:[7,38] cannot access com.swp391.OnlineLearning.util.ValidMediaType
  bad source file: D:\OnlineLearning\src\main\java\com\swp391\OnlineLearning\util\ValidMediaType.java
    file does not contain class com.swp391.OnlineLearning.util.ValidMediaType
    Please remove or make sure it appears in the correct subdirectory of the sourcepath.
[ERROR] /D:/OnlineLearning/src/main/java/com/swp391/OnlineLearning/model/dto/UserDTO.java:[3,38] cannot access com.swp391.OnlineLearning.util.PasswordMatches
  bad source file: D:\OnlineLearning\src\main\java\com\swp391\OnlineLearning\util\PasswordMatches.java
    file does not contain class com.swp391.OnlineLearning.util.PasswordMatches
    Please remove or make sure it appears in the correct subdirectory of the sourcepath.
[ERROR] /D:/OnlineLearning/src/main/java/com/swp391/OnlineLearning/service/impl/UserServiceImpl.java:[9,55] cannot access com.swp391.OnlineLearning.service.specification.UserSpecs
  bad source file: D:\OnlineLearning\src\main\java\com\swp391\OnlineLearning\service\specification\UserSpecs.java
    file does not contain class com.swp391.OnlineLearning.service.specification.UserSpecs
    Please remove or make sure it appears in the correct subdirectory of the sourcepath.
[ERROR] /D:/OnlineLearning/src/main/java/com/swp391/OnlineLearning/service/impl/UploadServiceImpl.java:[3,40] cannot access com.swp391.OnlineLearning.config.StorageProperties
  bad source file: D:\OnlineLearning\src\main\java\com\swp391\OnlineLearning\config\StorageProperties.java
    file does not contain class com.swp391.OnlineLearning.config.StorageProperties
    Please remove or make sure it appears in the correct subdirectory of the sourcepath.
[ERROR] /D:/OnlineLearning/src/main/java/com/swp391/OnlineLearning/service/impl/LessonServiceImpl.java:[12,38] cannot access com.swp391.OnlineLearning.util.VideoDuration
  bad source file: D:\OnlineLearning\src\main\java\com\swp391\OnlineLearning\util\VideoDuration.java
    file does not contain class com.swp391.OnlineLearning.util.VideoDuration
    Please remove or make sure it appears in the correct subdirectory of the sourcepath.
[ERROR] /D:/OnlineLearning/src/main/java/com/swp391/OnlineLearning/util/ValidEmail.java:[12,9] duplicate class: com.swp391.OnlineLearning.Util.ValidEmail
[ERROR] /D:/OnlineLearning/src/main/java/com/swp391/OnlineLearning/util/AtLeastOneCorrectAnswer.java:[15,9] duplicate class: com.swp391.OnlineLearning.Util.AtLeastOneCorrectAnswer
[ERROR] /D:/OnlineLearning/src/main/java/com/swp391/OnlineLearning/util/ValidMediaType.java:[12,9] duplicate class: com.swp391.OnlineLearning.Util.ValidMediaType
[ERROR] /D:/OnlineLearning/src/main/java/com/swp391/OnlineLearning/model/dto/ShortAnswerQuestionFormDTO.java:[15,2] cannot find symbol
  symbol: class ValidMediaType
[ERROR] /D:/OnlineLearning/src/main/java/com/swp391/OnlineLearning/model/dto/CourseDTO.java:[8,2] cannot find symbol
  symbol: class ValidMediaType
[ERROR] /D:/OnlineLearning/src/main/java/com/swp391/OnlineLearning/util/PasswordMatches.java:[18,9] duplicate class: com.swp391.OnlineLearning.Util.PasswordMatches
[ERROR] /D:/OnlineLearning/src/main/java/com/swp391/OnlineLearning/model/dto/UserDTO.java:[7,2] cannot find symbol
  symbol: class PasswordMatches
[ERROR] /D:/OnlineLearning/src/main/java/com/swp391/OnlineLearning/service/specification/UserSpecs.java:[8,8] duplicate class: com.swp391.OnlineLearning.service.Specification.UserSpecs
[ERROR] /D:/OnlineLearning/src/main/java/com/swp391/OnlineLearning/service/impl/UserServiceImpl.java:[23,41] interface expected here
[ERROR] /D:/OnlineLearning/src/main/java/com/swp391/OnlineLearning/config/StorageProperties.java:[6,8] duplicate class: com.swp391.OnlineLearning.Config.StorageProperties
[ERROR] /D:/OnlineLearning/src/main/java/com/swp391/OnlineLearning/service/impl/UploadServiceImpl.java:[25,43] interface expected here
[ERROR] /D:/OnlineLearning/src/main/java/com/swp391/OnlineLearning/service/impl/UploadServiceImpl.java:[28,19] cannot find symbol
  symbol:   class StorageProperties
  location: class com.swp391.OnlineLearning.service.impl.UploadServiceImpl
[ERROR] /D:/OnlineLearning/src/main/java/com/swp391/OnlineLearning/service/impl/UploadServiceImpl.java:[35,30] cannot find symbol
  symbol:   class StorageProperties
  location: class com.swp391.OnlineLearning.service.impl.UploadServiceImpl
[ERROR] /D:/OnlineLearning/src/main/java/com/swp391/OnlineLearning/service/impl/CourseCategoryServiceImpl.java:[15,51] interface expected here
[ERROR] /D:/OnlineLearning/src/main/java/com/swp391/OnlineLearning/service/specification/UserSpecs.java:[5,39] cannot find symbol
  symbol:   class User_
  location: package com.swp391.OnlineLearning.model
[ERROR] /D:/OnlineLearning/src/main/java/com/swp391/OnlineLearning/service/impl/SliderServiceImpl.java:[30,43] interface expected here
[ERROR] /D:/OnlineLearning/src/main/java/com/swp391/OnlineLearning/service/impl/OrderServiceImpl.java:[24,42] interface expected here
[ERROR] /D:/OnlineLearning/src/main/java/com/swp391/OnlineLearning/util/VideoDuration.java:[9,8] duplicate class: com.swp391.OnlineLearning.Util.VideoDuration
[ERROR] /D:/OnlineLearning/src/main/java/com/swp391/OnlineLearning/service/impl/CourseServiceImpl.java:[21,43] interface expected here
[ERROR] /D:/OnlineLearning/src/main/java/com/swp391/OnlineLearning/model/dto/MultipleChoiceQuestionFormDTO.java:[14,2] cannot find symbol
  symbol: class ValidMediaType
[ERROR] /D:/OnlineLearning/src/main/java/com/swp391/OnlineLearning/model/User.java:[43,6] cannot find symbol
  symbol:   class ValidEmail
  location: class com.swp391.OnlineLearning.model.User
[ERROR] /D:/OnlineLearning/src/main/java/com/swp391/OnlineLearning/model/dto/UserDTO.java:[12,6] cannot find symbol
  symbol:   class ValidEmail
  location: class com.swp391.OnlineLearning.model.dto.UserDTO
[ERROR] /D:/OnlineLearning/src/main/java/com/swp391/OnlineLearning/Application.java:[9,32] cannot find symbol
  symbol: class StorageProperties
[ERROR] /D:/OnlineLearning/src/main/java/com/swp391/OnlineLearning/model/dto/MultipleChoiceQuestionFormDTO.java:[24,6] cannot find symbol
  symbol:   class AtLeastOneCorrectAnswer
  location: class com.swp391.OnlineLearning.model.dto.MultipleChoiceQuestionFormDTO
[ERROR] /D:/OnlineLearning/src/main/java/com/swp391/OnlineLearning/service/impl/VoucherServiceImpl.java:[29,20] cannot find symbol
  symbol:   method getDiscountType()
  location: variable voucher of type com.swp391.OnlineLearning.model.Voucher
[ERROR] /D:/OnlineLearning/src/main/java/com/swp391/OnlineLearning/service/impl/VoucherServiceImpl.java:[30,54] cannot find symbol
  symbol:   method getDiscountValue()
  location: variable voucher of type com.swp391.OnlineLearning.model.Voucher
[ERROR] /D:/OnlineLearning/src/main/java/com/swp391/OnlineLearning/service/impl/VoucherServiceImpl.java:[33,44] cannot find symbol
  symbol:   method getDiscountValue()
  location: variable voucher of type com.swp391.OnlineLearning.model.Voucher
[ERROR] /D:/OnlineLearning/src/main/java/com/swp391/OnlineLearning/service/impl/VoucherServiceImpl.java:[38,37] cannot find symbol
  symbol:   method getUsedCount()
  location: variable voucher of type com.swp391.OnlineLearning.model.Voucher
[ERROR] /D:/OnlineLearning/src/main/java/com/swp391/OnlineLearning/service/UploadService.java:[44,13] cannot find symbol
  symbol:   variable log
  location: class com.swp391.OnlineLearning.service.UploadService
[ERROR] /D:/OnlineLearning/src/main/java/com/swp391/OnlineLearning/service/UploadService.java:[66,13] cannot find symbol
  symbol:   variable log
  location: class com.swp391.OnlineLearning.service.UploadService
[ERROR] /D:/OnlineLearning/src/main/java/com/swp391/OnlineLearning/controller/ChapterController.java:[118,52] incompatible types: java.util.Optional<com.swp391.OnlineLearning.model.Course> cannot be converted to com.swp391.OnlineLearning.model.Course
[ERROR] /D:/OnlineLearning/src/main/java/com/swp391/OnlineLearning/service/OrderService.java:[65,25] incompatible types: com.swp391.OnlineLearning.model.enums.OrderStatus cannot be converted to com.swp391.OnlineLearning.model.Order.OrderStatus
[ERROR] /D:/OnlineLearning/src/main/java/com/swp391/OnlineLearning/service/impl/UserServiceImpl.java:[39,5] method does not override or implement a method from a supertype
[ERROR] /D:/OnlineLearning/src/main/java/com/swp391/OnlineLearning/service/impl/UserServiceImpl.java:[44,5] method does not override or implement a method from a supertype
[ERROR] /D:/OnlineLearning/src/main/java/com/swp391/OnlineLearning/service/impl/UserServiceImpl.java:[58,5] method does not override or implement a method from a supertype
[ERROR] /D:/OnlineLearning/src/main/java/com/swp391/OnlineLearning/service/impl/UserServiceImpl.java:[63,5] method does not override or implement a method from a supertype
[ERROR] /D:/OnlineLearning/src/main/java/com/swp391/OnlineLearning/service/impl/UserServiceImpl.java:[69,5] method does not override or implement a method from a supertype
[ERROR] /D:/OnlineLearning/src/main/java/com/swp391/OnlineLearning/service/impl/UserServiceImpl.java:[74,5] method does not override or implement a method from a supertype
[ERROR] /D:/OnlineLearning/src/main/java/com/swp391/OnlineLearning/service/impl/UserServiceImpl.java:[79,5] method does not override or implement a method from a supertype
[ERROR] /D:/OnlineLearning/src/main/java/com/swp391/OnlineLearning/service/impl/UserServiceImpl.java:[84,5] method does not override or implement a method from a supertype
[ERROR] /D:/OnlineLearning/src/main/java/com/swp391/OnlineLearning/service/impl/UserServiceImpl.java:[89,5] method does not override or implement a method from a supertype
[ERROR] /D:/OnlineLearning/src/main/java/com/swp391/OnlineLearning/service/impl/UserServiceImpl.java:[94,5] method does not override or implement a method from a supertype
[ERROR] /D:/OnlineLearning/src/main/java/com/swp391/OnlineLearning/service/impl/UserServiceImpl.java:[111,36] cannot find symbol
  symbol:   variable UserSpecs
  location: class com.swp391.OnlineLearning.service.impl.UserServiceImpl
[ERROR] /D:/OnlineLearning/src/main/java/com/swp391/OnlineLearning/service/impl/UserServiceImpl.java:[115,5] method does not override or implement a method from a supertype
[ERROR] /D:/OnlineLearning/src/main/java/com/swp391/OnlineLearning/service/impl/UserServiceImpl.java:[121,5] method does not override or implement a method from a supertype
[ERROR] /D:/OnlineLearning/src/main/java/com/swp391/OnlineLearning/service/impl/UserServiceImpl.java:[126,5] method does not override or implement a method from a supertype
[ERROR] /D:/OnlineLearning/src/main/java/com/swp391/OnlineLearning/controller/SliderController.java:[35,48] cannot find symbol
  symbol:   method getSliders(java.lang.String,java.lang.String,int,int)
  location: variable sliderService of type com.swp391.OnlineLearning.service.SliderService
[ERROR] /D:/OnlineLearning/src/main/java/com/swp391/OnlineLearning/controller/SliderController.java:[57,38] cannot find symbol
  symbol:   method getSliderById(java.lang.Long)
  location: variable sliderService of type com.swp391.OnlineLearning.service.SliderService
[ERROR] /D:/OnlineLearning/src/main/java/com/swp391/OnlineLearning/controller/SliderController.java:[65,38] cannot find symbol
  symbol:   method getSliderById(java.lang.Long)
  location: variable sliderService of type com.swp391.OnlineLearning.service.SliderService
[ERROR] /D:/OnlineLearning/src/main/java/com/swp391/OnlineLearning/controller/SliderController.java:[74,38] cannot find symbol
  symbol:   method getSliderById(java.lang.Long)
  location: variable sliderService of type com.swp391.OnlineLearning.service.SliderService
[ERROR] /D:/OnlineLearning/src/main/java/com/swp391/OnlineLearning/controller/SliderController.java:[76,26] cannot find symbol
  symbol:   method takedownSlider(java.lang.Long)
  location: variable sliderService of type com.swp391.OnlineLearning.service.SliderService
[ERROR] /D:/OnlineLearning/src/main/java/com/swp391/OnlineLearning/controller/SliderController.java:[84,51] cannot find symbol
  symbol:   method getActiveSliders()
  location: variable sliderService of type com.swp391.OnlineLearning.service.SliderService
[ERROR] /D:/OnlineLearning/src/main/java/com/swp391/OnlineLearning/service/SliderService.java:[63,38] incompatible types: com.swp391.OnlineLearning.model.enums.SliderStatus cannot be converted to java.lang.String
[ERROR] /D:/OnlineLearning/src/main/java/com/swp391/OnlineLearning/service/SliderService.java:[71,38] incompatible types: com.swp391.OnlineLearning.model.enums.SliderStatus cannot be converted to java.lang.String
[ERROR] /D:/OnlineLearning/src/main/java/com/swp391/OnlineLearning/service/SliderService.java:[79,38] incompatible types: com.swp391.OnlineLearning.model.enums.SliderStatus cannot be converted to java.lang.String
[ERROR] /D:/OnlineLearning/src/main/java/com/swp391/OnlineLearning/service/impl/UploadServiceImpl.java:[45,5] method does not override or implement a method from a supertype
[ERROR] /D:/OnlineLearning/src/main/java/com/swp391/OnlineLearning/service/impl/UploadServiceImpl.java:[64,5] method does not override or implement a method from a supertype
[ERROR] /D:/OnlineLearning/src/main/java/com/swp391/OnlineLearning/service/impl/UploadServiceImpl.java:[71,5] method does not override or implement a method from a supertype
[ERROR] /D:/OnlineLearning/src/main/java/com/swp391/OnlineLearning/service/impl/UploadServiceImpl.java:[78,5] method does not override or implement a method from a supertype
[ERROR] /D:/OnlineLearning/src/main/java/com/swp391/OnlineLearning/service/impl/UploadServiceImpl.java:[91,5] method does not override or implement a method from a supertype
[ERROR] /D:/OnlineLearning/src/main/java/com/swp391/OnlineLearning/service/impl/UploadServiceImpl.java:[106,5] method does not override or implement a method from a supertype
[ERROR] /D:/OnlineLearning/src/main/java/com/swp391/OnlineLearning/service/impl/UploadServiceImpl.java:[119,5] method does not override or implement a method from a supertype
[ERROR] /D:/OnlineLearning/src/main/java/com/swp391/OnlineLearning/service/impl/UploadServiceImpl.java:[132,5] method does not override or implement a method from a supertype
[ERROR] /D:/OnlineLearning/src/main/java/com/swp391/OnlineLearning/service/impl/CourseCategoryServiceImpl.java:[23,5] method does not override or implement a method from a supertype
[ERROR] /D:/OnlineLearning/src/main/java/com/swp391/OnlineLearning/service/impl/CourseCategoryServiceImpl.java:[25,45] cannot find symbol
  symbol:   method findAllByActiveTrue()
  location: variable courseCategoryRepository of type com.swp391.OnlineLearning.repository.CourseCategoryRepository
[ERROR] /D:/OnlineLearning/src/main/java/com/swp391/OnlineLearning/service/impl/CourseCategoryServiceImpl.java:[28,5] method does not override or implement a method from a supertype
[ERROR] /D:/OnlineLearning/src/main/java/com/swp391/OnlineLearning/service/impl/CourseCategoryServiceImpl.java:[41,5] method does not override or implement a method from a supertype
[ERROR] /D:/OnlineLearning/src/main/java/com/swp391/OnlineLearning/service/impl/CourseCategoryServiceImpl.java:[46,5] method does not override or implement a method from a supertype
[ERROR] /D:/OnlineLearning/src/main/java/com/swp391/OnlineLearning/service/impl/CourseCategoryServiceImpl.java:[51,5] method does not override or implement a method from a supertype
[ERROR] /D:/OnlineLearning/src/main/java/com/swp391/OnlineLearning/service/impl/CourseCategoryServiceImpl.java:[54,45] no suitable method found for findAll(org.springframework.data.jpa.domain.Specification<com.swp391.OnlineLearning.model.CourseCategory>,org.springframework.data.domain.Pageable)
    method org.springframework.data.repository.query.QueryByExampleExecutor.<S>findAll(org.springframework.data.domain.Example<S>,org.springframework.data.domain.Pageable) is not applicable
      (cannot infer type-variable(s) S
        (argument mismatch; org.springframework.data.jpa.domain.Specification<com.swp391.OnlineLearning.model.CourseCategory> cannot be converted to org.springframework.data.domain.Example<S>))
    method org.springframework.data.jpa.repository.JpaRepository.<S>findAll(org.springframework.data.domain.Example<S>) is not applicable
      (cannot infer type-variable(s) S
        (actual and formal argument lists differ in length))
    method org.springframework.data.jpa.repository.JpaRepository.<S>findAll(org.springframework.data.domain.Example<S>,org.springframework.data.domain.Sort) is not applicable
      (cannot infer type-variable(s) S
        (argument mismatch; org.springframework.data.jpa.domain.Specification<com.swp391.OnlineLearning.model.CourseCategory> cannot be converted to org.springframework.data.domain.Example<S>))
[ERROR] /D:/OnlineLearning/src/main/java/com/swp391/OnlineLearning/model/dto/LessonLearningDTO.java:[16,25] cannot find symbol
  symbol:   method getId()
  location: variable lesson of type com.swp391.OnlineLearning.model.Lesson
[ERROR] /D:/OnlineLearning/src/main/java/com/swp391/OnlineLearning/model/dto/LessonLearningDTO.java:[17,33] cannot find symbol
  symbol:   method getLessonType()
  location: variable lesson of type com.swp391.OnlineLearning.model.Lesson
[ERROR] /D:/OnlineLearning/src/main/java/com/swp391/OnlineLearning/model/dto/LessonLearningDTO.java:[18,28] cannot find symbol
  symbol:   method getTitle()
  location: variable lesson of type com.swp391.OnlineLearning.model.Lesson
[ERROR] /D:/OnlineLearning/src/main/java/com/swp391/OnlineLearning/model/dto/LessonLearningDTO.java:[19,31] cannot find symbol
  symbol:   method getVideoUrl()
  location: variable lesson of type com.swp391.OnlineLearning.model.Lesson
[ERROR] /D:/OnlineLearning/src/main/java/com/swp391/OnlineLearning/model/dto/LessonLearningDTO.java:[20,34] cannot find symbol
  symbol:   method getHtmlContent()
  location: variable lesson of type com.swp391.OnlineLearning.model.Lesson
[ERROR] /D:/OnlineLearning/src/main/java/com/swp391/OnlineLearning/service/specification/UserSpecs.java:[17,42] cannot find symbol
  symbol:   variable User_
  location: class com.swp391.OnlineLearning.service.Specification.UserSpecs
[ERROR] /D:/OnlineLearning/src/main/java/com/swp391/OnlineLearning/service/specification/UserSpecs.java:[38,38] cannot find symbol
  symbol:   variable User_
  location: class com.swp391.OnlineLearning.service.Specification.UserSpecs
[ERROR] /D:/OnlineLearning/src/main/java/com/swp391/OnlineLearning/service/specification/UserSpecs.java:[50,47] cannot find symbol
  symbol:   variable User_
  location: class com.swp391.OnlineLearning.service.Specification.UserSpecs
[ERROR] /D:/OnlineLearning/src/main/java/com/swp391/OnlineLearning/service/specification/UserSpecs.java:[51,47] cannot find symbol
  symbol:   variable User_
  location: class com.swp391.OnlineLearning.service.Specification.UserSpecs
[ERROR] /D:/OnlineLearning/src/main/java/com/swp391/OnlineLearning/service/specification/UserSpecs.java:[52,38] cannot find symbol
  symbol:   variable User_
  location: class com.swp391.OnlineLearning.service.Specification.UserSpecs
[ERROR] /D:/OnlineLearning/src/main/java/com/swp391/OnlineLearning/controller/UserController.java:[104,54] method uploadImage in class com.swp391.OnlineLearning.service.UploadService cannot be applied to given types;
  required: org.springframework.web.multipart.MultipartFile
  found:    org.springframework.web.multipart.MultipartFile,java.lang.String
  reason: actual and formal argument lists differ in length
[ERROR] /D:/OnlineLearning/src/main/java/com/swp391/OnlineLearning/controller/UserController.java:[125,62] incompatible types: java.util.Optional<com.swp391.OnlineLearning.model.Course> cannot be converted to com.swp391.OnlineLearning.model.Course
[ERROR] /D:/OnlineLearning/src/main/java/com/swp391/OnlineLearning/model/dto/UserLessonLearningDTO.java:[16,31] cannot find symbol
  symbol:   method getId()
  location: variable lesson of type com.swp391.OnlineLearning.model.Lesson
[ERROR] /D:/OnlineLearning/src/main/java/com/swp391/OnlineLearning/model/dto/UserLessonLearningDTO.java:[17,37] cannot find symbol
  symbol:   method getOrderNumber()
  location: variable lesson of type com.swp391.OnlineLearning.model.Lesson
[ERROR] /D:/OnlineLearning/src/main/java/com/swp391/OnlineLearning/model/dto/UserLessonLearningDTO.java:[18,28] cannot find symbol
  symbol:   method getTitle()
  location: variable lesson of type com.swp391.OnlineLearning.model.Lesson
[ERROR] /D:/OnlineLearning/src/main/java/com/swp391/OnlineLearning/model/dto/UserLessonLearningDTO.java:[19,33] cannot find symbol
  symbol:   method getLessonType()
  location: variable lesson of type com.swp391.OnlineLearning.model.Lesson
[ERROR] /D:/OnlineLearning/src/main/java/com/swp391/OnlineLearning/model/dto/UserLessonLearningDTO.java:[20,31] cannot find symbol
  symbol:   method getLessonType()
  location: variable lesson of type com.swp391.OnlineLearning.model.Lesson
[ERROR] /D:/OnlineLearning/src/main/java/com/swp391/OnlineLearning/model/dto/UserLessonLearningDTO.java:[20,85] cannot find symbol
  symbol:   method getDuration()
  location: variable lesson of type com.swp391.OnlineLearning.model.Lesson
[ERROR] /D:/OnlineLearning/src/main/java/com/swp391/OnlineLearning/model/dto/UserLessonLearningDTO.java:[20,113] cannot find symbol
  symbol:   method getTimeLimitInMinutes()
  location: variable lesson of type com.swp391.OnlineLearning.model.Lesson
[ERROR] /D:/OnlineLearning/src/main/java/com/swp391/OnlineLearning/service/impl/QuizAttemptServiceImpl.java:[50,66] cannot find symbol
  symbol:   method getTimeLimitInMinutes()
  location: variable lesson of type com.swp391.OnlineLearning.model.Lesson
[ERROR] /D:/OnlineLearning/src/main/java/com/swp391/OnlineLearning/service/impl/QuizAttemptServiceImpl.java:[53,45] cannot find symbol
  symbol:   method getQuestions()
  location: variable lesson of type com.swp391.OnlineLearning.model.Lesson
[ERROR] /D:/OnlineLearning/src/main/java/com/swp391/OnlineLearning/service/impl/QuizAttemptServiceImpl.java:[54,39] cannot find symbol
  symbol:   method getNumberOfQuestions()
  location: variable lesson of type com.swp391.OnlineLearning.model.Lesson
[ERROR] /D:/OnlineLearning/src/main/java/com/swp391/OnlineLearning/service/impl/QuizAttemptServiceImpl.java:[172,60] cannot find symbol
  symbol:   method getPassRate()
  location: class com.swp391.OnlineLearning.model.Lesson
[INFO] 100 errors 
[INFO] -------------------------------------------------------------
[INFO] ------------------------------------------------------------------------
[INFO] BUILD FAILURE
[INFO] ------------------------------------------------------------------------
[INFO] Total time:  3.894 s
[INFO] Finished at: 2026-04-19T20:07:03+07:00
[INFO] ------------------------------------------------------------------------
[ERROR] Failed to execute goal org.apache.maven.plugins:maven-compiler-plugin:3.11.0:compile (default-compile) on project OnlineLearning: Compilation failure: Compilation failure: 
[ERROR] /D:/OnlineLearning/src/main/java/com/swp391/OnlineLearning/model/User.java:[5,38] cannot access com.swp391.OnlineLearning.util.ValidEmail
[ERROR]   bad source file: D:\OnlineLearning\src\main\java\com\swp391\OnlineLearning\util\ValidEmail.java
[ERROR]     file does not contain class com.swp391.OnlineLearning.util.ValidEmail
[ERROR]     Please remove or make sure it appears in the correct subdirectory of the sourcepath.
[ERROR] /D:/OnlineLearning/src/main/java/com/swp391/OnlineLearning/model/dto/ShortAnswerQuestionFormDTO.java:[6,38] cannot access com.swp391.OnlineLearning.util.AtLeastOneCorrectAnswer
[ERROR]   bad source file: D:\OnlineLearning\src\main\java\com\swp391\OnlineLearning\util\AtLeastOneCorrectAnswer.java
[ERROR]     file does not contain class com.swp391.OnlineLearning.util.AtLeastOneCorrectAnswer
[ERROR]     Please remove or make sure it appears in the correct subdirectory of the sourcepath.
[ERROR] /D:/OnlineLearning/src/main/java/com/swp391/OnlineLearning/model/dto/ShortAnswerQuestionFormDTO.java:[7,38] cannot access com.swp391.OnlineLearning.util.ValidMediaType
[ERROR]   bad source file: D:\OnlineLearning\src\main\java\com\swp391\OnlineLearning\util\ValidMediaType.java
[ERROR]     file does not contain class com.swp391.OnlineLearning.util.ValidMediaType
[ERROR]     Please remove or make sure it appears in the correct subdirectory of the sourcepath.
[ERROR] /D:/OnlineLearning/src/main/java/com/swp391/OnlineLearning/model/dto/UserDTO.java:[3,38] cannot access com.swp391.OnlineLearning.util.PasswordMatches
[ERROR]   bad source file: D:\OnlineLearning\src\main\java\com\swp391\OnlineLearning\util\PasswordMatches.java
[ERROR]     file does not contain class com.swp391.OnlineLearning.util.PasswordMatches
[ERROR]     Please remove or make sure it appears in the correct subdirectory of the sourcepath.
[ERROR] /D:/OnlineLearning/src/main/java/com/swp391/OnlineLearning/service/impl/UserServiceImpl.java:[9,55] cannot access com.swp391.OnlineLearning.service.specification.UserSpecs
[ERROR]   bad source file: D:\OnlineLearning\src\main\java\com\swp391\OnlineLearning\service\specification\UserSpecs.java
[ERROR]     file does not contain class com.swp391.OnlineLearning.service.specification.UserSpecs
[ERROR]     Please remove or make sure it appears in the correct subdirectory of the sourcepath.
[ERROR] /D:/OnlineLearning/src/main/java/com/swp391/OnlineLearning/service/impl/UploadServiceImpl.java:[3,40] cannot access com.swp391.OnlineLearning.config.StorageProperties
[ERROR]   bad source file: D:\OnlineLearning\src\main\java\com\swp391\OnlineLearning\config\StorageProperties.java
[ERROR]     file does not contain class com.swp391.OnlineLearning.config.StorageProperties
[ERROR]     Please remove or make sure it appears in the correct subdirectory of the sourcepath.
[ERROR] /D:/OnlineLearning/src/main/java/com/swp391/OnlineLearning/service/impl/LessonServiceImpl.java:[12,38] cannot access com.swp391.OnlineLearning.util.VideoDuration
[ERROR]   bad source file: D:\OnlineLearning\src\main\java\com\swp391\OnlineLearning\util\VideoDuration.java
[ERROR]     file does not contain class com.swp391.OnlineLearning.util.VideoDuration
[ERROR]     Please remove or make sure it appears in the correct subdirectory of the sourcepath.
[ERROR] /D:/OnlineLearning/src/main/java/com/swp391/OnlineLearning/util/ValidEmail.java:[12,9] duplicate class: com.swp391.OnlineLearning.Util.ValidEmail
[ERROR] /D:/OnlineLearning/src/main/java/com/swp391/OnlineLearning/util/AtLeastOneCorrectAnswer.java:[15,9] duplicate class: com.swp391.OnlineLearning.Util.AtLeastOneCorrectAnswer
[ERROR] /D:/OnlineLearning/src/main/java/com/swp391/OnlineLearning/util/ValidMediaType.java:[12,9] duplicate class: com.swp391.OnlineLearning.Util.ValidMediaType
[ERROR] /D:/OnlineLearning/src/main/java/com/swp391/OnlineLearning/model/dto/ShortAnswerQuestionFormDTO.java:[15,2] cannot find symbol
[ERROR]   symbol: class ValidMediaType
[ERROR] /D:/OnlineLearning/src/main/java/com/swp391/OnlineLearning/model/dto/CourseDTO.java:[8,2] cannot find symbol
[ERROR]   symbol: class ValidMediaType
[ERROR] /D:/OnlineLearning/src/main/java/com/swp391/OnlineLearning/util/PasswordMatches.java:[18,9] duplicate class: com.swp391.OnlineLearning.Util.PasswordMatches
[ERROR] /D:/OnlineLearning/src/main/java/com/swp391/OnlineLearning/model/dto/UserDTO.java:[7,2] cannot find symbol
[ERROR]   symbol: class PasswordMatches
[ERROR] /D:/OnlineLearning/src/main/java/com/swp391/OnlineLearning/service/specification/UserSpecs.java:[8,8] duplicate class: com.swp391.OnlineLearning.service.Specification.UserSpecs
[ERROR] /D:/OnlineLearning/src/main/java/com/swp391/OnlineLearning/service/impl/UserServiceImpl.java:[23,41] interface expected here
[ERROR] /D:/OnlineLearning/src/main/java/com/swp391/OnlineLearning/config/StorageProperties.java:[6,8] duplicate class: com.swp391.OnlineLearning.Config.StorageProperties
[ERROR] /D:/OnlineLearning/src/main/java/com/swp391/OnlineLearning/service/impl/UploadServiceImpl.java:[25,43] interface expected here
[ERROR] /D:/OnlineLearning/src/main/java/com/swp391/OnlineLearning/service/impl/UploadServiceImpl.java:[28,19] cannot find symbol
[ERROR]   symbol:   class StorageProperties
[ERROR]   location: class com.swp391.OnlineLearning.service.impl.UploadServiceImpl
[ERROR] /D:/OnlineLearning/src/main/java/com/swp391/OnlineLearning/service/impl/UploadServiceImpl.java:[35,30] cannot find symbol
[ERROR]   symbol:   class StorageProperties
[ERROR]   location: class com.swp391.OnlineLearning.service.impl.UploadServiceImpl
[ERROR] /D:/OnlineLearning/src/main/java/com/swp391/OnlineLearning/service/impl/CourseCategoryServiceImpl.java:[15,51] interface expected here
[ERROR] /D:/OnlineLearning/src/main/java/com/swp391/OnlineLearning/service/specification/UserSpecs.java:[5,39] cannot find symbol
[ERROR]   symbol:   class User_
[ERROR]   location: package com.swp391.OnlineLearning.model
[ERROR] /D:/OnlineLearning/src/main/java/com/swp391/OnlineLearning/service/impl/SliderServiceImpl.java:[30,43] interface expected here
[ERROR] /D:/OnlineLearning/src/main/java/com/swp391/OnlineLearning/service/impl/OrderServiceImpl.java:[24,42] interface expected here
[ERROR] /D:/OnlineLearning/src/main/java/com/swp391/OnlineLearning/util/VideoDuration.java:[9,8] duplicate class: com.swp391.OnlineLearning.Util.VideoDuration
[ERROR] /D:/OnlineLearning/src/main/java/com/swp391/OnlineLearning/service/impl/CourseServiceImpl.java:[21,43] interface expected here
[ERROR] /D:/OnlineLearning/src/main/java/com/swp391/OnlineLearning/model/dto/MultipleChoiceQuestionFormDTO.java:[14,2] cannot find symbol
[ERROR]   symbol: class ValidMediaType
[ERROR] /D:/OnlineLearning/src/main/java/com/swp391/OnlineLearning/model/User.java:[43,6] cannot find symbol
[ERROR]   symbol:   class ValidEmail
[ERROR]   location: class com.swp391.OnlineLearning.model.User
[ERROR] /D:/OnlineLearning/src/main/java/com/swp391/OnlineLearning/model/dto/UserDTO.java:[12,6] cannot find symbol
[ERROR]   symbol:   class ValidEmail
[ERROR]   location: class com.swp391.OnlineLearning.model.dto.UserDTO
[ERROR] /D:/OnlineLearning/src/main/java/com/swp391/OnlineLearning/Application.java:[9,32] cannot find symbol
[ERROR]   symbol: class StorageProperties
[ERROR] /D:/OnlineLearning/src/main/java/com/swp391/OnlineLearning/model/dto/MultipleChoiceQuestionFormDTO.java:[24,6] cannot find symbol
[ERROR]   symbol:   class AtLeastOneCorrectAnswer
[ERROR]   location: class com.swp391.OnlineLearning.model.dto.MultipleChoiceQuestionFormDTO
[ERROR] /D:/OnlineLearning/src/main/java/com/swp391/OnlineLearning/service/impl/VoucherServiceImpl.java:[29,20] cannot find symbol
[ERROR]   symbol:   method getDiscountType()
[ERROR]   location: variable voucher of type com.swp391.OnlineLearning.model.Voucher
[ERROR] /D:/OnlineLearning/src/main/java/com/swp391/OnlineLearning/service/impl/VoucherServiceImpl.java:[30,54] cannot find symbol
[ERROR]   symbol:   method getDiscountValue()
[ERROR]   location: variable voucher of type com.swp391.OnlineLearning.model.Voucher
[ERROR] /D:/OnlineLearning/src/main/java/com/swp391/OnlineLearning/service/impl/VoucherServiceImpl.java:[33,44] cannot find symbol
[ERROR]   symbol:   method getDiscountValue()
[ERROR]   location: variable voucher of type com.swp391.OnlineLearning.model.Voucher
[ERROR] /D:/OnlineLearning/src/main/java/com/swp391/OnlineLearning/service/impl/VoucherServiceImpl.java:[38,37] cannot find symbol
[ERROR]   symbol:   method getUsedCount()
[ERROR]   location: variable voucher of type com.swp391.OnlineLearning.model.Voucher
[ERROR] /D:/OnlineLearning/src/main/java/com/swp391/OnlineLearning/service/UploadService.java:[44,13] cannot find symbol
[ERROR]   symbol:   variable log
[ERROR]   location: class com.swp391.OnlineLearning.service.UploadService
[ERROR] /D:/OnlineLearning/src/main/java/com/swp391/OnlineLearning/service/UploadService.java:[66,13] cannot find symbol
[ERROR]   symbol:   variable log
[ERROR]   location: class com.swp391.OnlineLearning.service.UploadService
[ERROR] /D:/OnlineLearning/src/main/java/com/swp391/OnlineLearning/controller/ChapterController.java:[118,52] incompatible types: java.util.Optional<com.swp391.OnlineLearning.model.Course> cannot be converted to com.swp391.OnlineLearning.model.Course
[ERROR] /D:/OnlineLearning/src/main/java/com/swp391/OnlineLearning/service/OrderService.java:[65,25] incompatible types: com.swp391.OnlineLearning.model.enums.OrderStatus cannot be converted to com.swp391.OnlineLearning.model.Order.OrderStatus
[ERROR] /D:/OnlineLearning/src/main/java/com/swp391/OnlineLearning/service/impl/UserServiceImpl.java:[39,5] method does not override or implement a method from a supertype
[ERROR] /D:/OnlineLearning/src/main/java/com/swp391/OnlineLearning/service/impl/UserServiceImpl.java:[44,5] method does not override or implement a method from a supertype
[ERROR] /D:/OnlineLearning/src/main/java/com/swp391/OnlineLearning/service/impl/UserServiceImpl.java:[58,5] method does not override or implement a method from a supertype
[ERROR] /D:/OnlineLearning/src/main/java/com/swp391/OnlineLearning/service/impl/UserServiceImpl.java:[63,5] method does not override or implement a method from a supertype
[ERROR] /D:/OnlineLearning/src/main/java/com/swp391/OnlineLearning/service/impl/UserServiceImpl.java:[69,5] method does not override or implement a method from a supertype
[ERROR] /D:/OnlineLearning/src/main/java/com/swp391/OnlineLearning/service/impl/UserServiceImpl.java:[74,5] method does not override or implement a method from a supertype
[ERROR] /D:/OnlineLearning/src/main/java/com/swp391/OnlineLearning/service/impl/UserServiceImpl.java:[79,5] method does not override or implement a method from a supertype
[ERROR] /D:/OnlineLearning/src/main/java/com/swp391/OnlineLearning/service/impl/UserServiceImpl.java:[84,5] method does not override or implement a method from a supertype
[ERROR] /D:/OnlineLearning/src/main/java/com/swp391/OnlineLearning/service/impl/UserServiceImpl.java:[89,5] method does not override or implement a method from a supertype
[ERROR] /D:/OnlineLearning/src/main/java/com/swp391/OnlineLearning/service/impl/UserServiceImpl.java:[94,5] method does not override or implement a method from a supertype
[ERROR] /D:/OnlineLearning/src/main/java/com/swp391/OnlineLearning/service/impl/UserServiceImpl.java:[111,36] cannot find symbol
[ERROR]   symbol:   variable UserSpecs
[ERROR]   location: class com.swp391.OnlineLearning.service.impl.UserServiceImpl
[ERROR] /D:/OnlineLearning/src/main/java/com/swp391/OnlineLearning/service/impl/UserServiceImpl.java:[115,5] method does not override or implement a method from a supertype
[ERROR] /D:/OnlineLearning/src/main/java/com/swp391/OnlineLearning/service/impl/UserServiceImpl.java:[121,5] method does not override or implement a method from a supertype
[ERROR] /D:/OnlineLearning/src/main/java/com/swp391/OnlineLearning/service/impl/UserServiceImpl.java:[126,5] method does not override or implement a method from a supertype
[ERROR] /D:/OnlineLearning/src/main/java/com/swp391/OnlineLearning/controller/SliderController.java:[35,48] cannot find symbol
[ERROR]   symbol:   method getSliders(java.lang.String,java.lang.String,int,int)
[ERROR]   location: variable sliderService of type com.swp391.OnlineLearning.service.SliderService
[ERROR] /D:/OnlineLearning/src/main/java/com/swp391/OnlineLearning/controller/SliderController.java:[57,38] cannot find symbol
[ERROR]   symbol:   method getSliderById(java.lang.Long)
[ERROR]   location: variable sliderService of type com.swp391.OnlineLearning.service.SliderService
[ERROR] /D:/OnlineLearning/src/main/java/com/swp391/OnlineLearning/controller/SliderController.java:[65,38] cannot find symbol
[ERROR]   symbol:   method getSliderById(java.lang.Long)
[ERROR]   location: variable sliderService of type com.swp391.OnlineLearning.service.SliderService
[ERROR] /D:/OnlineLearning/src/main/java/com/swp391/OnlineLearning/controller/SliderController.java:[74,38] cannot find symbol
[ERROR]   symbol:   method getSliderById(java.lang.Long)
[ERROR]   location: variable sliderService of type com.swp391.OnlineLearning.service.SliderService
[ERROR] /D:/OnlineLearning/src/main/java/com/swp391/OnlineLearning/controller/SliderController.java:[76,26] cannot find symbol
[ERROR]   symbol:   method takedownSlider(java.lang.Long)
[ERROR]   location: variable sliderService of type com.swp391.OnlineLearning.service.SliderService
[ERROR] /D:/OnlineLearning/src/main/java/com/swp391/OnlineLearning/controller/SliderController.java:[84,51] cannot find symbol
[ERROR]   symbol:   method getActiveSliders()
[ERROR]   location: variable sliderService of type com.swp391.OnlineLearning.service.SliderService
[ERROR] /D:/OnlineLearning/src/main/java/com/swp391/OnlineLearning/service/SliderService.java:[63,38] incompatible types: com.swp391.OnlineLearning.model.enums.SliderStatus cannot be converted to java.lang.String
[ERROR] /D:/OnlineLearning/src/main/java/com/swp391/OnlineLearning/service/SliderService.java:[71,38] incompatible types: com.swp391.OnlineLearning.model.enums.SliderStatus cannot be converted to java.lang.String
[ERROR] /D:/OnlineLearning/src/main/java/com/swp391/OnlineLearning/service/SliderService.java:[79,38] incompatible types: com.swp391.OnlineLearning.model.enums.SliderStatus cannot be converted to java.lang.String
[ERROR] /D:/OnlineLearning/src/main/java/com/swp391/OnlineLearning/service/impl/UploadServiceImpl.java:[45,5] method does not override or implement a method from a supertype
[ERROR] /D:/OnlineLearning/src/main/java/com/swp391/OnlineLearning/service/impl/UploadServiceImpl.java:[64,5] method does not override or implement a method from a supertype
[ERROR] /D:/OnlineLearning/src/main/java/com/swp391/OnlineLearning/service/impl/UploadServiceImpl.java:[71,5] method does not override or implement a method from a supertype
[ERROR] /D:/OnlineLearning/src/main/java/com/swp391/OnlineLearning/service/impl/UploadServiceImpl.java:[78,5] method does not override or implement a method from a supertype
[ERROR] /D:/OnlineLearning/src/main/java/com/swp391/OnlineLearning/service/impl/UploadServiceImpl.java:[91,5] method does not override or implement a method from a supertype
[ERROR] /D:/OnlineLearning/src/main/java/com/swp391/OnlineLearning/service/impl/UploadServiceImpl.java:[106,5] method does not override or implement a method from a supertype
[ERROR] /D:/OnlineLearning/src/main/java/com/swp391/OnlineLearning/service/impl/UploadServiceImpl.java:[119,5] method does not override or implement a method from a supertype
[ERROR] /D:/OnlineLearning/src/main/java/com/swp391/OnlineLearning/service/impl/UploadServiceImpl.java:[132,5] method does not override or implement a method from a supertype
[ERROR] /D:/OnlineLearning/src/main/java/com/swp391/OnlineLearning/service/impl/CourseCategoryServiceImpl.java:[23,5] method does not override or implement a method from a supertype
[ERROR] /D:/OnlineLearning/src/main/java/com/swp391/OnlineLearning/service/impl/CourseCategoryServiceImpl.java:[25,45] cannot find symbol
[ERROR]   symbol:   method findAllByActiveTrue()
[ERROR]   location: variable courseCategoryRepository of type com.swp391.OnlineLearning.repository.CourseCategoryRepository
[ERROR] /D:/OnlineLearning/src/main/java/com/swp391/OnlineLearning/service/impl/CourseCategoryServiceImpl.java:[28,5] method does not override or implement a method from a supertype
[ERROR] /D:/OnlineLearning/src/main/java/com/swp391/OnlineLearning/service/impl/CourseCategoryServiceImpl.java:[41,5] method does not override or implement a method from a supertype
[ERROR] /D:/OnlineLearning/src/main/java/com/swp391/OnlineLearning/service/impl/CourseCategoryServiceImpl.java:[46,5] method does not override or implement a method from a supertype
[ERROR] /D:/OnlineLearning/src/main/java/com/swp391/OnlineLearning/service/impl/CourseCategoryServiceImpl.java:[51,5] method does not override or implement a method from a supertype
[ERROR] /D:/OnlineLearning/src/main/java/com/swp391/OnlineLearning/service/impl/CourseCategoryServiceImpl.java:[54,45] no suitable method found for findAll(org.springframework.data.jpa.domain.Specification<com.swp391.OnlineLearning.model.CourseCategory>,org.springframework.data.domain.Pageable)
[ERROR]     method org.springframework.data.repository.query.QueryByExampleExecutor.<S>findAll(org.springframework.data.domain.Example<S>,org.springframework.data.domain.Pageable) is not applicable
[ERROR]       (cannot infer type-variable(s) S
[ERROR]         (argument mismatch; org.springframework.data.jpa.domain.Specification<com.swp391.OnlineLearning.model.CourseCategory> cannot be converted to org.springframework.data.domain.Example<S>))
[ERROR]     method org.springframework.data.jpa.repository.JpaRepository.<S>findAll(org.springframework.data.domain.Example<S>) is not applicable
[ERROR]       (cannot infer type-variable(s) S
[ERROR]         (actual and formal argument lists differ in length))
[ERROR]     method org.springframework.data.jpa.repository.JpaRepository.<S>findAll(org.springframework.data.domain.Example<S>,org.springframework.data.domain.Sort) is not applicable
[ERROR]       (cannot infer type-variable(s) S
[ERROR]         (argument mismatch; org.springframework.data.jpa.domain.Specification<com.swp391.OnlineLearning.model.CourseCategory> cannot be converted to org.springframework.data.domain.Example<S>))
[ERROR] /D:/OnlineLearning/src/main/java/com/swp391/OnlineLearning/model/dto/LessonLearningDTO.java:[16,25] cannot find symbol
[ERROR]   symbol:   method getId()
[ERROR]   location: variable lesson of type com.swp391.OnlineLearning.model.Lesson
[ERROR] /D:/OnlineLearning/src/main/java/com/swp391/OnlineLearning/model/dto/LessonLearningDTO.java:[17,33] cannot find symbol
[ERROR]   symbol:   method getLessonType()
[ERROR]   location: variable lesson of type com.swp391.OnlineLearning.model.Lesson
[ERROR] /D:/OnlineLearning/src/main/java/com/swp391/OnlineLearning/model/dto/LessonLearningDTO.java:[18,28] cannot find symbol
[ERROR]   symbol:   method getTitle()
[ERROR]   location: variable lesson of type com.swp391.OnlineLearning.model.Lesson
[ERROR] /D:/OnlineLearning/src/main/java/com/swp391/OnlineLearning/model/dto/LessonLearningDTO.java:[19,31] cannot find symbol
[ERROR]   symbol:   method getVideoUrl()
[ERROR]   location: variable lesson of type com.swp391.OnlineLearning.model.Lesson
[ERROR] /D:/OnlineLearning/src/main/java/com/swp391/OnlineLearning/model/dto/LessonLearningDTO.java:[20,34] cannot find symbol
[ERROR]   symbol:   method getHtmlContent()
[ERROR]   location: variable lesson of type com.swp391.OnlineLearning.model.Lesson
[ERROR] /D:/OnlineLearning/src/main/java/com/swp391/OnlineLearning/service/specification/UserSpecs.java:[17,42] cannot find symbol
[ERROR]   symbol:   variable User_
[ERROR]   location: class com.swp391.OnlineLearning.service.Specification.UserSpecs
[ERROR] /D:/OnlineLearning/src/main/java/com/swp391/OnlineLearning/service/specification/UserSpecs.java:[38,38] cannot find symbol
[ERROR]   symbol:   variable User_
[ERROR]   location: class com.swp391.OnlineLearning.service.Specification.UserSpecs
[ERROR] /D:/OnlineLearning/src/main/java/com/swp391/OnlineLearning/service/specification/UserSpecs.java:[50,47] cannot find symbol
[ERROR]   symbol:   variable User_
[ERROR]   location: class com.swp391.OnlineLearning.service.Specification.UserSpecs
[ERROR] /D:/OnlineLearning/src/main/java/com/swp391/OnlineLearning/service/specification/UserSpecs.java:[51,47] cannot find symbol
[ERROR]   symbol:   variable User_
[ERROR]   location: class com.swp391.OnlineLearning.service.Specification.UserSpecs
[ERROR] /D:/OnlineLearning/src/main/java/com/swp391/OnlineLearning/service/specification/UserSpecs.java:[52,38] cannot find symbol
[ERROR]   symbol:   variable User_
[ERROR]   location: class com.swp391.OnlineLearning.service.Specification.UserSpecs
[ERROR] /D:/OnlineLearning/src/main/java/com/swp391/OnlineLearning/controller/UserController.java:[104,54] method uploadImage in class com.swp391.OnlineLearning.service.UploadService cannot be applied to given types;
[ERROR]   required: org.springframework.web.multipart.MultipartFile
[ERROR]   found:    org.springframework.web.multipart.MultipartFile,java.lang.String
[ERROR]   reason: actual and formal argument lists differ in length
[ERROR] /D:/OnlineLearning/src/main/java/com/swp391/OnlineLearning/controller/UserController.java:[125,62] incompatible types: java.util.Optional<com.swp391.OnlineLearning.model.Course> cannot be converted to com.swp391.OnlineLearning.model.Course
[ERROR] /D:/OnlineLearning/src/main/java/com/swp391/OnlineLearning/model/dto/UserLessonLearningDTO.java:[16,31] cannot find symbol
[ERROR]   symbol:   method getId()
[ERROR]   location: variable lesson of type com.swp391.OnlineLearning.model.Lesson
[ERROR] /D:/OnlineLearning/src/main/java/com/swp391/OnlineLearning/model/dto/UserLessonLearningDTO.java:[17,37] cannot find symbol
[ERROR]   symbol:   method getOrderNumber()
[ERROR]   location: variable lesson of type com.swp391.OnlineLearning.model.Lesson
[ERROR] /D:/OnlineLearning/src/main/java/com/swp391/OnlineLearning/model/dto/UserLessonLearningDTO.java:[18,28] cannot find symbol
[ERROR]   symbol:   method getTitle()
[ERROR]   location: variable lesson of type com.swp391.OnlineLearning.model.Lesson
[ERROR] /D:/OnlineLearning/src/main/java/com/swp391/OnlineLearning/model/dto/UserLessonLearningDTO.java:[19,33] cannot find symbol
[ERROR]   symbol:   method getLessonType()
[ERROR]   location: variable lesson of type com.swp391.OnlineLearning.model.Lesson
[ERROR] /D:/OnlineLearning/src/main/java/com/swp391/OnlineLearning/model/dto/UserLessonLearningDTO.java:[20,31] cannot find symbol
[ERROR]   symbol:   method getLessonType()
[ERROR]   location: variable lesson of type com.swp391.OnlineLearning.model.Lesson
[ERROR] /D:/OnlineLearning/src/main/java/com/swp391/OnlineLearning/model/dto/UserLessonLearningDTO.java:[20,85] cannot find symbol
[ERROR]   symbol:   method getDuration()
[ERROR]   location: variable lesson of type com.swp391.OnlineLearning.model.Lesson
[ERROR] /D:/OnlineLearning/src/main/java/com/swp391/OnlineLearning/model/dto/UserLessonLearningDTO.java:[20,113] cannot find symbol
[ERROR]   symbol:   method getTimeLimitInMinutes()
[ERROR]   location: variable lesson of type com.swp391.OnlineLearning.model.Lesson
[ERROR] /D:/OnlineLearning/src/main/java/com/swp391/OnlineLearning/service/impl/QuizAttemptServiceImpl.java:[50,66] cannot find symbol
[ERROR]   symbol:   method getTimeLimitInMinutes()
[ERROR]   location: variable lesson of type com.swp391.OnlineLearning.model.Lesson
[ERROR] /D:/OnlineLearning/src/main/java/com/swp391/OnlineLearning/service/impl/QuizAttemptServiceImpl.java:[53,45] cannot find symbol
[ERROR]   symbol:   method getQuestions()
[ERROR]   location: variable lesson of type com.swp391.OnlineLearning.model.Lesson
[ERROR] /D:/OnlineLearning/src/main/java/com/swp391/OnlineLearning/service/impl/QuizAttemptServiceImpl.java:[54,39] cannot find symbol
[ERROR]   symbol:   method getNumberOfQuestions()
[ERROR]   location: variable lesson of type com.swp391.OnlineLearning.model.Lesson
[ERROR] /D:/OnlineLearning/src/main/java/com/swp391/OnlineLearning/service/impl/QuizAttemptServiceImpl.java:[172,60] cannot find symbol
[ERROR]   symbol:   method getPassRate()
[ERROR]   location: class com.swp391.OnlineLearning.model.Lesson
[ERROR] -> [Help 1]
[ERROR] 
[ERROR] To see the full stack trace of the errors, re-run Maven with the -e switch.
[ERROR] Re-run Maven using the -X switch to enable full debug logging.
[ERROR] 
[ERROR] For more information about the errors and possible solutions, please read the following articles:
[ERROR] [Help 1] http://cwiki.apache.org/confluence/display/MAVEN/MojoFailureException
